[    0.000000] Initializing cgroup subsys cpuset
[    0.000000] Initializing cgroup subsys cpu
[    0.000000] Initializing cgroup subsys cpuacct
[    0.000000] Linux version 4.4.0-200-generic (buildd@lgw01-amd64-032) (gcc version 5.4.0 20160609 (Ubuntu 5.4.0-6ubuntu1~16.04.12) ) #232-Ubuntu SMP Wed Jan 13 10:18:39 UTC 2021 (Ubuntu 4.4.0-200.232-generic 4.4.244)
[    0.000000] Command line: BOOT_IMAGE=/boot/vmlinuz-4.4.0-200-generic root=LABEL=cloudimg-rootfs ro console=tty1 console=ttyS0
[    0.000000] KERNEL supported cpus:
[    0.000000]   Intel GenuineIntel
[    0.000000]   AMD AuthenticAMD
[    0.000000]   Centaur CentaurHauls
[    0.000000] x86/fpu: xstate_offset[2]:  576, xstate_sizes[2]:  256
[    0.000000] x86/fpu: Supporting XSAVE feature 0x01: 'x87 floating point registers'
[    0.000000] x86/fpu: Supporting XSAVE feature 0x02: 'SSE registers'
[    0.000000] x86/fpu: Supporting XSAVE feature 0x04: 'AVX registers'
[    0.000000] x86/fpu: Enabled xstate features 0x7, context size is 832 bytes, using 'standard' format.
[    0.000000] e820: BIOS-provided physical RAM map:
[    0.000000] BIOS-e820: [mem 0x0000000000000000-0x000000000009fbff] usable
[    0.000000] BIOS-e820: [mem 0x000000000009fc00-0x000000000009ffff] reserved
[    0.000000] BIOS-e820: [mem 0x00000000000f0000-0x00000000000fffff] reserved
[    0.000000] BIOS-e820: [mem 0x0000000000100000-0x00000000dffeffff] usable
[    0.000000] BIOS-e820: [mem 0x00000000dfff0000-0x00000000dfffffff] ACPI data
[    0.000000] BIOS-e820: [mem 0x00000000fec00000-0x00000000fec00fff] reserved
[    0.000000] BIOS-e820: [mem 0x00000000fee00000-0x00000000fee00fff] reserved
[    0.000000] BIOS-e820: [mem 0x00000000fffc0000-0x00000000ffffffff] reserved
[    0.000000] BIOS-e820: [mem 0x0000000100000000-0x000000021fffffff] usable
[    0.000000] NX (Execute Disable) protection: active
[    0.000000] SMBIOS 2.5 present.
[    0.000000] Hypervisor detected: KVM
[    0.000000] e820: last_pfn = 0x220000 max_arch_pfn = 0x400000000
[    0.000000] MTRR: Disabled
[    0.000000] x86/PAT: MTRRs disabled, skipping PAT initialization too.
[    0.000000] CPU MTRRs all blank - virtualized system.
[    0.000000] x86/PAT: Configuration [0-7]: WB  WT  UC- UC  WB  WT  UC- UC  
[    0.000000] e820: last_pfn = 0xdfff0 max_arch_pfn = 0x400000000
[    0.000000] found SMP MP-table at [mem 0x0009fff0-0x0009ffff] mapped at [ffff88000009fff0]
[    0.000000] Scanning 1 areas for low memory corruption
[    0.000000] RAMDISK: [mem 0x362de000-0x37166fff]
[    0.000000] ACPI: Early table checksum verification disabled
[    0.000000] ACPI: RSDP 0x00000000000E0000 000024 (v02 VBOX  )
[    0.000000] ACPI: XSDT 0x00000000DFFF0030 00003C (v01 VBOX   VBOXXSDT 00000001 ASL  00000061)
[    0.000000] ACPI: FACP 0x00000000DFFF00F0 0000F4 (v04 VBOX   VBOXFACP 00000001 ASL  00000061)
[    0.000000] ACPI: DSDT 0x00000000DFFF0480 002325 (v02 VBOX   VBOXBIOS 00000002 INTL 20120111)
[    0.000000] ACPI: FACS 0x00000000DFFF0200 000040
[    0.000000] ACPI: FACS 0x00000000DFFF0200 000040
[    0.000000] ACPI: APIC 0x00000000DFFF0240 00006C (v02 VBOX   VBOXAPIC 00000001 ASL  00000061)
[    0.000000] ACPI: SSDT 0x00000000DFFF02B0 0001CC (v01 VBOX   VBOXCPUT 00000002 INTL 20120111)
[    0.000000] No NUMA configuration found
[    0.000000] Faking a node at [mem 0x0000000000000000-0x000000021fffffff]
[    0.000000] NODE_DATA(0) allocated [mem 0x21fff5000-0x21fff9fff]
[    0.000000] kvm-clock: Using msrs 4b564d01 and 4b564d00
[    0.000000] kvm-clock: cpu 0, msr 2:1ffed001, primary cpu clock
[    0.000000] kvm-clock: using sched offset of 3204464544 cycles
[    0.000000] clocksource: kvm-clock: mask: 0xffffffffffffffff max_cycles: 0x1cd42e4dffb, max_idle_ns: 881590591483 ns
[    0.000000] Zone ranges:
[    0.000000]   DMA      [mem 0x0000000000001000-0x0000000000ffffff]
[    0.000000]   DMA32    [mem 0x0000000001000000-0x00000000ffffffff]
[    0.000000]   Normal   [mem 0x0000000100000000-0x000000021fffffff]
[    0.000000]   Device   empty
[    0.000000] Movable zone start for each node
[    0.000000] Early memory node ranges
[    0.000000]   node   0: [mem 0x0000000000001000-0x000000000009efff]
[    0.000000]   node   0: [mem 0x0000000000100000-0x00000000dffeffff]
[    0.000000]   node   0: [mem 0x0000000100000000-0x000000021fffffff]
[    0.000000] Initmem setup node 0 [mem 0x0000000000001000-0x000000021fffffff]
[    0.000000] ACPI: PM-Timer IO Port: 0x4008
[    0.000000] IOAPIC[0]: apic_id 4, version 32, address 0xfec00000, GSI 0-23
[    0.000000] ACPI: INT_SRC_OVR (bus 0 bus_irq 0 global_irq 2 dfl dfl)
[    0.000000] ACPI: INT_SRC_OVR (bus 0 bus_irq 9 global_irq 9 low level)
[    0.000000] Using ACPI (MADT) for SMP configuration information
[    0.000000] smpboot: Allowing 4 CPUs, 0 hotplug CPUs
[    0.000000] PM: Registered nosave memory: [mem 0x00000000-0x00000fff]
[    0.000000] PM: Registered nosave memory: [mem 0x0009f000-0x0009ffff]
[    0.000000] PM: Registered nosave memory: [mem 0x000a0000-0x000effff]
[    0.000000] PM: Registered nosave memory: [mem 0x000f0000-0x000fffff]
[    0.000000] PM: Registered nosave memory: [mem 0xdfff0000-0xdfffffff]
[    0.000000] PM: Registered nosave memory: [mem 0xe0000000-0xfebfffff]
[    0.000000] PM: Registered nosave memory: [mem 0xfec00000-0xfec00fff]
[    0.000000] PM: Registered nosave memory: [mem 0xfec01000-0xfedfffff]
[    0.000000] PM: Registered nosave memory: [mem 0xfee00000-0xfee00fff]
[    0.000000] PM: Registered nosave memory: [mem 0xfee01000-0xfffbffff]
[    0.000000] PM: Registered nosave memory: [mem 0xfffc0000-0xffffffff]
[    0.000000] e820: [mem 0xe0000000-0xfebfffff] available for PCI devices
[    0.000000] Booting paravirtualized kernel on KVM
[    0.000000] clocksource: refined-jiffies: mask: 0xffffffff max_cycles: 0xffffffff, max_idle_ns: 7645519600211568 ns
[    0.000000] setup_percpu: NR_CPUS:512 nr_cpumask_bits:512 nr_cpu_ids:4 nr_node_ids:1
[    0.000000] PERCPU: Embedded 33 pages/cpu @ffff88021fc00000 s95640 r8192 d31336 u524288
[    0.000000] Built 1 zonelists in Node order, mobility grouping on.  Total pages: 2064248
[    0.000000] Policy zone: Normal
[    0.000000] Kernel command line: BOOT_IMAGE=/boot/vmlinuz-4.4.0-200-generic root=LABEL=cloudimg-rootfs ro console=tty1 console=ttyS0
[    0.000000] PID hash table entries: 4096 (order: 3, 32768 bytes)
[    0.000000] Memory: 8156668K/8388152K available (8641K kernel code, 1337K rwdata, 4044K rodata, 1492K init, 1296K bss, 231484K reserved, 0K cma-reserved)
[    0.000000] SLUB: HWalign=64, Order=0-3, MinObjects=0, CPUs=4, Nodes=1
[    0.000000] Kernel/User page tables isolation: enabled
[    0.000000] Hierarchical RCU implementation.
[    0.000000] 	Build-time adjustment of leaf fanout to 64.
[    0.000000] 	RCU restricting CPUs from NR_CPUS=512 to nr_cpu_ids=4.
[    0.000000] RCU: Adjusting geometry for rcu_fanout_leaf=64, nr_cpu_ids=4
[    0.000000] NR_IRQS:33024 nr_irqs:456 16
[    0.000000] Console: colour VGA+ 80x25
[    0.000000] console [tty1] enabled
[    0.000000] console [ttyS0] enabled
[    0.000000] tsc: Detected 2304.000 MHz processor
[    0.237288] Calibrating delay loop (skipped) preset value.. 4608.00 BogoMIPS (lpj=9216000)
[    0.238921] pid_max: default: 32768 minimum: 301
[    0.239797] ACPI: Core revision 20150930
[    0.241253] ACPI: 2 ACPI AML tables successfully acquired and loaded
[    0.242537] Security Framework initialized
[    0.243364] Yama: becoming mindful.
[    0.244108] AppArmor: AppArmor initialized
[    0.246116] Dentry cache hash table entries: 1048576 (order: 11, 8388608 bytes)
[    0.251514] Inode-cache hash table entries: 524288 (order: 10, 4194304 bytes)
[    0.254217] Mount-cache hash table entries: 16384 (order: 5, 131072 bytes)
[    0.255808] Mountpoint-cache hash table entries: 16384 (order: 5, 131072 bytes)
[    0.258247] Initializing cgroup subsys io
[    0.259052] Initializing cgroup subsys memory
[    0.259912] Initializing cgroup subsys devices
[    0.260816] Initializing cgroup subsys freezer
[    0.261665] Initializing cgroup subsys net_cls
[    0.262515] Initializing cgroup subsys perf_event
[    0.263417] Initializing cgroup subsys net_prio
[    0.264308] Initializing cgroup subsys hugetlb
[    0.265193] Initializing cgroup subsys pids
[    0.269657] mce: CPU supports 0 MCE banks
[    0.270535] Last level iTLB entries: 4KB 0, 2MB 0, 4MB 0
[    0.271558] Last level dTLB entries: 4KB 0, 2MB 0, 4MB 0, 1GB 0
[    0.272739] Spectre V1 : Mitigation: usercopy/swapgs barriers and __user pointer sanitization
[    0.274440] Spectre V2 : Mitigation: Full generic retpoline
[    0.275441] Spectre V2 : Spectre v2 / SpectreRSB mitigation: Filling RSB on context switch
[    0.277015] Speculative Store Bypass: Vulnerable
[    0.277958] MDS: Mitigation: Clear CPU buffers
[    0.281094] Freeing SMP alternatives memory: 36K
[    0.287359] ftrace: allocating 32360 entries in 127 pages
[    0.346408] smpboot: APIC(0) Converting physical 0 to logical package 0
[    0.348333] smpboot: Max logical packages: 1
[    0.349659] x2apic enabled
[    0.350449] Switched APIC routing to physical x2apic.
[    0.352358] ..TIMER: vector=0x30 apic1=0 pin1=2 apic2=-1 pin2=-1
[    0.461703] smpboot: CPU0: Intel(R) Core(TM) i7-1068NG7 CPU @ 2.30GHz (family: 0x6, model: 0x7e, stepping: 0x5)
[    0.464593] Performance Events: unsupported p6 CPU model 126 no PMU driver, software events only.
[    0.474719] KVM setup paravirtual spinlock
[    0.476287] x86: Booting SMP configuration:
[    0.477485] .... node  #0, CPUs:      #1
[    0.478608] kvm-clock: cpu 1, msr 2:1ffed041, secondary cpu clock
[    0.483871] mce: CPU supports 0 MCE banks
[    0.486687]  #2
[    0.487281] kvm-clock: cpu 2, msr 2:1ffed081, secondary cpu clock
[    0.492253] mce: CPU supports 0 MCE banks
[    0.495108]  #3
[    0.495703] kvm-clock: cpu 3, msr 2:1ffed0c1, secondary cpu clock
[    0.500304] mce: CPU supports 0 MCE banks
[    0.503240] x86: Booted up 1 node, 4 CPUs
[    0.504209] smpboot: Total of 4 processors activated (18432.00 BogoMIPS)
[    0.507274] devtmpfs: initialized
[    0.509508] evm: security.selinux
[    0.510305] evm: security.SMACK64
[    0.511032] evm: security.SMACK64EXEC
[    0.511933] evm: security.SMACK64TRANSMUTE
[    0.512867] evm: security.SMACK64MMAP
[    0.513811] evm: security.ima
[    0.514479] evm: security.capability
[    0.515471] clocksource: jiffies: mask: 0xffffffff max_cycles: 0xffffffff, max_idle_ns: 7645041785100000 ns
[    0.517720] futex hash table entries: 1024 (order: 4, 65536 bytes)
[    0.519173] pinctrl core: initialized pinctrl subsystem
[    0.520408] RTC time:  3:46:58, date: 01/28/21
[    0.521807] NET: Registered protocol family 16
[    0.534456] cpuidle: using governor ladder
[    0.546596] cpuidle: using governor menu
[    0.548359] PCCT header not found.
[    0.550070] ACPI: bus type PCI registered
[    0.551855] acpiphp: ACPI Hot Plug PCI Controller Driver version: 0.5
[    0.554641] PCI: Using configuration type 1 for base access
[    0.570870] ACPI: Added _OSI(Module Device)
[    0.572360] ACPI: Added _OSI(Processor Device)
[    0.573948] ACPI: Added _OSI(3.0 _SCP Extensions)
[    0.575109] ACPI: Added _OSI(Processor Aggregator Device)
[    0.577191] ACPI: Executed 1 blocks of module-level executable AML code
[    0.580714] ACPI: Interpreter enabled
[    0.581590] ACPI: (supports S0 S5)
[    0.582359] ACPI: Using IOAPIC for interrupt routing
[    0.583517] PCI: Using host bridge windows from ACPI; if necessary, use "pci=nocrs" and report a bug
[    0.589033] ACPI: PCI Root Bridge [PCI0] (domain 0000 [bus 00-ff])
[    0.590246] acpi PNP0A03:00: _OSC: OS supports [ASPM ClockPM Segments MSI]
[    0.591827] acpi PNP0A03:00: _OSC: not requesting OS control; OS requires [ExtendedConfig ASPM ClockPM MSI]
[    0.593663] acpi PNP0A03:00: fail to add MMCONFIG information, can't access extended PCI configuration space under this bridge.
[    0.603436] PCI host bridge to bus 0000:00
[    0.604277] pci_bus 0000:00: root bus resource [io  0x0000-0x0cf7 window]
[    0.605496] pci_bus 0000:00: root bus resource [io  0x0d00-0xffff window]
[    0.606738] pci_bus 0000:00: root bus resource [mem 0x000a0000-0x000bffff window]
[    0.608204] pci_bus 0000:00: root bus resource [mem 0xe0000000-0xfdffffff window]
[    0.609671] pci_bus 0000:00: root bus resource [bus 00-ff]
[    0.612806] pci 0000:00:01.1: legacy IDE quirk: reg 0x10: [io  0x01f0-0x01f7]
[    0.614676] pci 0000:00:01.1: legacy IDE quirk: reg 0x14: [io  0x03f6]
[    0.616052] pci 0000:00:01.1: legacy IDE quirk: reg 0x18: [io  0x0170-0x0177]
[    0.617335] pci 0000:00:01.1: legacy IDE quirk: reg 0x1c: [io  0x0376]
[    0.672830] pci 0000:00:07.0: quirk: [io  0x4000-0x403f] claimed by PIIX4 ACPI
[    0.674769] pci 0000:00:07.0: quirk: [io  0x4100-0x410f] claimed by PIIX4 SMB
[    0.712502] ACPI: PCI Interrupt Link [LNKA] (IRQs 5 9 10 *11)
[    0.714582] ACPI: PCI Interrupt Link [LNKB] (IRQs 5 9 *10 11)
[    0.716018] ACPI: PCI Interrupt Link [LNKC] (IRQs 5 *9 10 11)
[    0.717406] ACPI: PCI Interrupt Link [LNKD] (IRQs 5 9 10 *11)
[    0.719004] ACPI: Enabled 2 GPEs in block 00 to 07
[    0.720455] vgaarb: setting as boot device: PCI:0000:00:02.0
[    0.721476] vgaarb: device added: PCI:0000:00:02.0,decodes=io+mem,owns=io+mem,locks=none
[    0.723125] vgaarb: loaded
[    0.723724] vgaarb: bridge control possible 0000:00:02.0
[    0.724870] SCSI subsystem initialized
[    0.725799] ACPI: bus type USB registered
[    0.726867] usbcore: registered new interface driver usbfs
[    0.727897] usbcore: registered new interface driver hub
[    0.728898] usbcore: registered new device driver usb
[    0.730087] PCI: Using ACPI for IRQ routing
[    0.731222] NetLabel: Initializing
[    0.731932] NetLabel:  domain hash size = 128
[    0.732793] NetLabel:  protocols = UNLABELED CIPSOv4
[    0.733826] NetLabel:  unlabeled traffic allowed by default
[    0.735038] amd_nb: Cannot enumerate AMD northbridges
[    0.736260] clocksource: Switched to clocksource kvm-clock
[    0.743276] AppArmor: AppArmor Filesystem Enabled
[    0.744296] pnp: PnP ACPI init
[    0.745881] pnp: PnP ACPI: found 3 devices
[    0.754932] clocksource: acpi_pm: mask: 0xffffff max_cycles: 0xffffff, max_idle_ns: 2085701024 ns
[    0.756799] NET: Registered protocol family 2
[    0.758973] TCP established hash table entries: 65536 (order: 7, 524288 bytes)
[    0.760592] TCP bind hash table entries: 65536 (order: 8, 1048576 bytes)
[    0.761866] TCP: Hash tables configured (established 65536 bind 65536)
[    0.763055] UDP hash table entries: 4096 (order: 5, 131072 bytes)
[    0.764160] UDP-Lite hash table entries: 4096 (order: 5, 131072 bytes)
[    0.766235] NET: Registered protocol family 1
[    0.767103] pci 0000:00:00.0: Limiting direct PCI/PCI transfers
[    0.768490] pci 0000:00:01.0: Activating ISA DMA hang workarounds
[    0.769773] Unpacking initramfs...
[    0.963134] Freeing initrd memory: 14884K
[    0.964369] PCI-DMA: Using software bounce buffering for IO (SWIOTLB)
[    0.965708] software IO TLB: mapped [mem 0xdbff0000-0xdfff0000] (64MB)
[    0.966901] clocksource: tsc: mask: 0xffffffffffffffff max_cycles: 0x2135f7c97c8, max_idle_ns: 440795273205 ns
[    0.969098] platform rtc_cmos: registered platform RTC device (no PNP device found)
[    0.970753] Scanning for low memory corruption every 60 seconds
[    0.972298] audit: initializing netlink subsys (disabled)
[    0.973353] audit: type=2000 audit(1611805623.630:1): initialized
[    0.974629] Initialise system trusted keyring
[    0.975703] HugeTLB registered 2 MB page size, pre-allocated 0 pages
[    0.977775] zbud: loaded
[    0.978810] VFS: Disk quotas dquot_6.6.0
[    0.979609] VFS: Dquot-cache hash table entries: 512 (order 0, 4096 bytes)
[    0.981032] squashfs: version 4.0 (2009/01/31) Phillip Lougher
[    0.982390] fuse init (API version 7.23)
[    0.983331] Key type big_key registered
[    0.984201] Allocating IMA MOK and blacklist keyrings.
[    0.987287] Key type asymmetric registered
[    0.988162] Asymmetric key parser 'x509' registered
[    0.989280] Block layer SCSI generic (bsg) driver version 0.4 loaded (major 249)
[    0.990874] io scheduler noop registered
[    0.991670] io scheduler deadline registered (default)
[    0.992775] io scheduler cfq registered
[    0.993626] pci_hotplug: PCI Hot Plug PCI Core version: 0.5
[    0.994902] pciehp: PCI Express Hot Plug Controller Driver version: 0.4
[    0.996862] ACPI: AC Adapter [AC] (on-line)
[    0.997750] input: Power Button as /devices/LNXSYSTM:00/LNXPWRBN:00/input/input0
[    0.999232] ACPI: Power Button [PWRF]
[    1.000036] input: Sleep Button as /devices/LNXSYSTM:00/LNXSLPBN:00/input/input1
[    1.001554] ACPI: Sleep Button [SLPF]
[    1.002753] GHES: HEST is not enabled!
[    1.004921] ACPI: Battery Slot [BAT0] (battery present)
[    1.005974] Serial: 8250/16550 driver, 32 ports, IRQ sharing enabled
[    1.027676] 00:02: ttyS0 at I/O 0x3f8 (irq = 4, base_baud = 115200) is a 16550A
[    1.031294] Linux agpgart interface v0.103
[    1.034165] loop: module loaded
[    1.035776] scsi host0: ata_piix
[    1.036612] scsi host1: ata_piix
[    1.037319] ata1: PATA max UDMA/33 cmd 0x1f0 ctl 0x3f6 bmdma 0xd000 irq 14
[    1.038533] ata2: PATA max UDMA/33 cmd 0x170 ctl 0x376 bmdma 0xd008 irq 15
[    1.040024] libphy: Fixed MDIO Bus: probed
[    1.040916] tun: Universal TUN/TAP device driver, 1.6
[    1.041909] tun: (C) 1999-2004 Max Krasnyansky <maxk@qualcomm.com>
[    1.043309] PPP generic driver version 2.4.2
[    1.044402] ehci_hcd: USB 2.0 'Enhanced' Host Controller (EHCI) Driver
[    1.045567] ehci-pci: EHCI PCI platform driver
[    1.046426] ehci-platform: EHCI generic platform driver
[    1.047399] ohci_hcd: USB 1.1 'Open' Host Controller (OHCI) Driver
[    1.048519] ohci-pci: OHCI PCI platform driver
[    1.049377] ohci-platform: OHCI generic platform driver
[    1.050356] uhci_hcd: USB Universal Host Controller Interface driver
[    1.051770] i8042: PNP: PS/2 Controller [PNP0303:PS2K,PNP0f03:PS2M] at 0x60,0x64 irq 1,12
[    1.053941] serio: i8042 KBD port at 0x60,0x64 irq 1
[    1.054889] serio: i8042 AUX port at 0x60,0x64 irq 12
[    1.056031] mousedev: PS/2 mouse device common for all mice
[    1.057375] input: AT Translated Set 2 keyboard as /devices/platform/i8042/serio0/input/input2
[    1.059476] rtc_cmos rtc_cmos: rtc core: registered rtc_cmos as rtc0
[    1.060696] rtc_cmos rtc_cmos: alarms up to one day, 114 bytes nvram
[    1.061832] i2c /dev entries driver
[    1.062588] device-mapper: uevent: version 1.0.3
[    1.063575] device-mapper: ioctl: 4.34.0-ioctl (2015-10-28) initialised: dm-devel@redhat.com
[    1.065218] ledtrig-cpu: registered to indicate activity on CPUs
[    1.066780] NET: Registered protocol family 10
[    1.068336] NET: Registered protocol family 17
[    1.069265] Key type dns_resolver registered
[    1.071368] registered taskstats version 1
[    1.072170] Loading compiled-in X.509 certificates
[    1.073630] Loaded X.509 cert 'Build time autogenerated kernel key: d37465c24ef3fae6c7088e8c56d8ac7755b77486'
[    1.075492] zswap: loaded using pool lzo/zbud
[    1.077925] Key type trusted registered
[    1.081080] Key type encrypted registered
[    1.081900] AppArmor: AppArmor sha1 policy hashing enabled
[    1.082916] ima: No TPM chip found, activating TPM-bypass!
[    1.084149] ima: Allocated hash algorithm: sha1
[    1.085260] evm: HMAC attrs: 0x1
[    1.086339]   Magic number: 5:624:766
[    1.087225] rtc_cmos rtc_cmos: setting system clock to 2021-01-28 03:46:59 UTC (1611805619)
[    1.089238] BIOS EDD facility v0.16 2004-Jun-25, 0 devices found
[    1.090322] EDD information not available.
[    1.220734] Freeing unused kernel memory: 1492K
[    1.221637] Write protecting the kernel read-only data: 14336k
[    1.223022] Freeing unused kernel memory: 1588K
[    1.224054] Freeing unused kernel memory: 52K
Loading, please wait...
starting version 229
[    1.235376] random: systemd-udevd: uninitialized urandom read (16 bytes read, 3 bits of entropy available)
[    1.235972] random: udevadm: uninitialized urandom read (16 bytes read, 3 bits of entropy available)
[    1.235991] random: udevadm: uninitialized urandom read (16 bytes read, 3 bits of entropy available)
[    1.240866] random: systemd-udevd: uninitialized urandom read (16 bytes read, 3 bits of entropy available)
[    1.242780] random: systemd-udevd: uninitialized urandom read (16 bytes read, 3 bits of entropy available)
[    1.243631] random: udevadm: uninitialized urandom read (16 bytes read, 3 bits of entropy available)
[    1.243698] random: udevadm: uninitialized urandom read (16 bytes read, 3 bits of entropy available)
[    1.243985] random: udevadm: uninitialized urandom read (16 bytes read, 3 bits of entropy available)
[    1.244028] random: udevadm: uninitialized urandom read (16 bytes read, 3 bits of entropy available)
[    1.244066] random: udevadm: uninitialized urandom read (16 bytes read, 3 bits of entropy available)
[    1.271122] Fusion MPT base driver 3.04.20
[    1.271987] Copyright (c) 1999-2008 LSI Corporation
[    1.277596] Fusion MPT SPI Host driver 3.04.20
[    1.279574] mptbase: ioc0: Initiating bringup
[    1.283092] e1000: Intel(R) PRO/1000 Network Driver - version 7.3.21-k8-NAPI
[    1.284631] e1000: Copyright (c) 1999-2006 Intel Corporation.
[    1.288738] AVX2 version of gcm_enc/dec engaged.
[    1.289823] AES CTR mode by8 optimization enabled
[    1.724910] input: ImExPS/2 Generic Explorer Mouse as /devices/platform/i8042/serio1/input/input4
[    1.725422] ioc0: LSI53C1030 A0: Capabilities={Initiator}
[    4.740728] scsi host2: ioc0: LSI53C1030 A0, FwRev=00000000h, Ports=1, MaxQ=256, IRQ=20
[    5.987161] scsi 2:0:0:0: Direct-Access     VBOX     HARDDISK         1.0  PQ: 0 ANSI: 5
[    5.989897] scsi target2:0:0: Beginning Domain Validation
[    5.993000] scsi target2:0:0: Domain Validation skipping write tests
[    5.994521] scsi target2:0:0: Ending Domain Validation
[    5.996021] scsi target2:0:0: asynchronous
[    5.997907] scsi 2:0:1:0: Direct-Access     VBOX     HARDDISK         1.0  PQ: 0 ANSI: 5
[    5.999833] scsi target2:0:1: Beginning Domain Validation
[    6.001734] scsi target2:0:1: Domain Validation skipping write tests
[    6.003008] scsi target2:0:1: Ending Domain Validation
[    6.004115] scsi target2:0:1: asynchronous
[    6.009663] sd 2:0:0:0: Attached scsi generic sg0 type 0
[    6.010731] sd 2:0:0:0: [sda] 20971520 512-byte logical blocks: (10.7 GB/10.0 GiB)
[    6.016410] sd 2:0:1:0: Attached scsi generic sg1 type 0
[    6.016491] sd 2:0:1:0: [sdb] 20480 512-byte logical blocks: (10.5 MB/10.0 MiB)
[    6.016560] sd 2:0:0:0: [sda] Write Protect is off
[    6.016693] sd 2:0:0:0: [sda] Incomplete mode parameter data
[    6.016694] sd 2:0:0:0: [sda] Assuming drive cache: write through
[    6.016703] sd 2:0:1:0: [sdb] Write Protect is off
[    6.016874] sd 2:0:1:0: [sdb] Incomplete mode parameter data
[    6.016875] sd 2:0:1:0: [sdb] Assuming drive cache: write through
[    6.017778]  sda: sda1
[    6.018299] sd 2:0:0:0: [sda] Attached SCSI disk
[    6.018725] sd 2:0:1:0: [sdb] Attached SCSI disk
[    6.479617] e1000 0000:00:03.0 eth0: (PCI:33MHz:32-bit) 02:95:c5:cf:8a:88
[    6.482182] e1000 0000:00:03.0 eth0: Intel(R) PRO/1000 Network Connection
[    7.784091] e1000 0000:00:08.0 eth1: (PCI:33MHz:32-bit) 08:00:27:32:cd:7f
[    7.785542] e1000 0000:00:08.0 eth1: Intel(R) PRO/1000 Network Connection
[    7.787541] e1000 0000:00:08.0 enp0s8: renamed from eth1
[    7.796967] e1000 0000:00:03.0 enp0s3: renamed from eth0
Begin: Loading essential drivers ... [    9.108952] md: linear personality registered for level -1
[    9.113937] md: multipath personality registered for level -4
[    9.118221] md: raid0 personality registered for level 0
[    9.125296] md: raid1 personality registered for level 1
[    9.196573] raid6: sse2x1   gen()  9713 MB/s
[    9.268446] raid6: sse2x1   xor()  7873 MB/s
[    9.336778] raid6: sse2x2   gen() 15885 MB/s
[    9.404432] raid6: sse2x2   xor() 10178 MB/s
[    9.472592] raid6: sse2x4   gen() 15008 MB/s
[    9.540430] raid6: sse2x4   xor()  9623 MB/s
[    9.608627] raid6: avx2x1   gen() 21246 MB/s
[    9.676456] raid6: avx2x2   gen() 26589 MB/s
[    9.744792] raid6: avx2x4   gen() 28685 MB/s
[    9.745870] raid6: using algorithm avx2x4 gen() 28685 MB/s
[    9.746939] raid6: using avx2x2 recovery algorithm
[    9.750160] xor: automatically using best checksumming function:
[    9.788733]    avx       : 24717.000 MB/sec
[    9.791485] async_tx: api initialized (async)
[    9.805931] md: raid6 personality registered for level 6
[    9.807629] md: raid5 personality registered for level 5
[    9.809094] md: raid4 personality registered for level 4
[    9.817816] md: raid10 personality registered for level 10
done.
Begin: Running /scripts/init-premount ... done.
Begin: Mounting root file system ... Begin: Running /scripts/local-top ... done.
Begin: Running /scripts/local-premount ... [    9.865049] Btrfs loaded
Scanning for Btrfs filesystems
done.
Warning: fsck not present, so skipping root file system
[    9.918731] EXT4-fs (sda1): mounted filesystem with ordered data mode. Opts: (null)
done.
Begin: Running /scripts/local-bottom ... done.
Begin: Running /scripts/init-bottom ... done.
[    9.995761] systemd[1]: systemd 229 running in system mode. (+PAM +AUDIT +SELINUX +IMA +APPARMOR +SMACK +SYSVINIT +UTMP +LIBCRYPTSETUP +GCRYPT +GNUTLS +ACL +XZ -LZ4 +SECCOMP +BLKID +ELFUTILS +KMOD -IDN)
[   10.000452] systemd[1]: Detected virtualization oracle.
[   10.001801] systemd[1]: Detected architecture x86-64.

Welcome to [1mUbuntu 16.04.7 LTS[0m!

[   10.005997] systemd[1]: Set hostname to <ubuntu>.
[   10.010317] systemd[1]: Initializing machine ID from random generator.
[   10.011820] systemd[1]: Installed transient /etc/machine-id file.
[   10.147049] systemd[1]: Listening on LVM2 metadata daemon socket.
[[0;32m  OK  [0m] Listening on LVM2 metadata daemon socket.
[   10.150008] systemd[1]: Started Forward Password Requests to Wall Directory Watch.
[[0;32m  OK  [0m] Started Forward Password Requests to Wall Directory Watch.
[   10.153403] systemd[1]: Reached target System Time Synchronized.
[[0;32m  OK  [0m] Reached target System Time Synchronized.
[   10.156071] systemd[1]: Listening on Journal Audit Socket.
[[0;32m  OK  [0m] Listening on Journal Audit Socket.
[   10.158166] systemd[1]: Listening on Device-mapper event daemon FIFOs.
[[0;32m  OK  [0m] Listening on Device-mapper event daemon FIFOs.
[   10.160380] systemd[1]: Listening on LVM2 poll daemon socket.
[[0;32m  OK  [0m] Listening on LVM2 poll daemon socket.
[   10.162370] systemd[1]: Listening on Journal Socket (/dev/log).
[[0;32m  OK  [0m] Listening on Journal Socket (/dev/log).
[   10.164810] systemd[1]: Created slice User and Session Slice.
[[0;32m  OK  [0m] Created slice User and Session Slice.
[   10.786345] systemd[1]: Reached target Encrypted Volumes.
[[0;32m  OK  [0m] Reached target Encrypted Volumes.
[   10.788581] systemd[1]: Listening on Syslog Socket.
[[0;32m  OK  [0m] Listening on Syslog Socket.
[   10.790915] systemd[1]: Started Trigger resolvconf update for networkd DNS.
[[0;32m  OK  [0m] Started Trigger resolvconf update for networkd DNS.
[   10.793618] systemd[1]: Listening on udev Kernel Socket.
[[0;32m  OK  [0m] Listening on udev Kernel Socket.
[   10.795933] systemd[1]: Created slice System Slice.
[[0;32m  OK  [0m] Created slice System Slice.
[   10.797987] systemd[1]: Created slice system-serial\x2dgetty.slice.
[[0;32m  OK  [0m] Created slice system-serial\x2dgetty.slice.
[   10.800046] systemd[1]: Reached target User and Group Name Lookups.
[[0;32m  OK  [0m] Reached target User and Group Name Lookups.
[   10.802063] systemd[1]: Listening on udev Control Socket.
[[0;32m  OK  [0m] Listening on udev Control Socket.
[   10.803828] systemd[1]: Reached target Swap.
[[0;32m  OK  [0m] Reached target Swap.
[   10.805296] systemd[1]: Reached target Slices.
[[0;32m  OK  [0m] Reached target Slices.
[   10.806853] systemd[1]: Set up automount Arbitrary Executable File Formats File System Automount Point.
[[0;32m  OK  [0m] Set up automount Arbitrary Executab...ats File System Automount Point.
[   10.809514] systemd[1]: Listening on /dev/initctl Compatibility Named Pipe.
[[0;32m  OK  [0m] Listening on /dev/initctl Compatibility Named Pipe.
[   10.811770] systemd[1]: Listening on Journal Socket.
[[0;32m  OK  [0m] Listening on Journal Socket.
[   10.829017] systemd[1]: Mounting POSIX Message Queue File System...
         Mounting POSIX Message Queue File System...
[   10.833125] systemd[1]: Starting Monitoring of LVM2 mirrors, snapshots etc. using dmeventd or progress polling...
         Starting Monitoring of LVM2 mirrors... dmeventd or progress polling...
[   10.839392] systemd[1]: Starting Load Kernel Modules...
         Starting Load Kernel Modules...
[   10.842456] systemd[1]: Starting Create list of required static device nodes for the current kernel...
[   10.844697] Loading iSCSI transport class v2.0-870.
         Starting Create list of required st... nodes for the current kernel...
[   10.847004] systemd[1]: Starting Uncomplicated firewall...
         Starting Uncomplicated firewall...
[   10.850383] systemd[1]: Mounting Huge Pages File System...
         Mounting Huge Pages File System...
[   10.853684] systemd[1]: Mounting Debug File System...
         Mounting Debug File System...
[   10.856616] systemd[1]: Starting Set console keymap...
[   10.858836] iscsi: registered transport (tcp)
         Starting Set console keymap...
[   10.860824] systemd[1]: Starting Journal Service...
         Starting Journal Service...
[   10.865144] systemd[1]: Starting Nameserver information manager...
         Starting Nameserver information manager...
[   10.870872] systemd[1]: Starting Remount Root and Kernel File Systems...
         Starting Remount Root and Kernel File Systems...
[   10.876673] EXT4-fs (sda1): re-mounted. Opts: (null)
[   10.877860] systemd[1]: Mounted Debug File System.
[[0;32m  OK  [0m] Mounted Debug File System.
[   10.881170] systemd[1]: Mounted Huge Pages File System.
[[0;32m  OK  [0m] Mounted Huge Pages File System.
[   10.883911] systemd[1]: Mounted POSIX Message Queue File System.
[[0;32m  OK  [0m] Mounted POSIX Message Queue File System.
[   10.888054] systemd[1]: Started Journal Service.
[[0;32m  OK  [0m] Started Journal Service.
[[0;32m  OK  [0m] Started Create list of required sta...ce nodes for the current kernel.
[[0;32m  OK  [0m] Started Uncomplicated firewall.
[[0;32m  OK  [0m] Started Remount Root and Kernel File Systems.
[   10.896967] iscsi: registered transport (iser)
[[0;32m  OK  [0m] Started Nameserver information manager.
[[0;32m  OK  [0m] Started Load Kernel Modules.
[[0;32m  OK  [0m] Started LVM2 metadata daemon.
         Mounting FUSE Control File System...
         Starting Apply Kernel Variables...
         Starting udev Coldplug all Devices...
         Starting Load/Save Random Seed...
         Starting Create Static Device Nodes in /dev...
         Starting Flush Journal to Persistent Storage...
[[0;32m  OK  [0m] Mounted FUSE Control File System.
[[0;32m  OK  [0m] Started Set console keymap.
[[0;32m  OK  [0m] Started Apply Kernel Variables.
[[0;32m  OK  [0m] Started Load/Save Random Seed.
[[0;32m  OK  [0m] Started Create Static Device Nodes in /dev.
         Starting udev Kernel Device Manager...
[[0;32m  OK  [0m] Started Flush Journal to Persistent Storage.
[[0;32m  OK  [0m] Started udev Kernel Device Manager.
[[0;32m  OK  [0m] Started udev Coldplug all Devices.
[[0;32m  OK  [0m] Started Dispatch Password Requests to Console Directory Watch.
[[0;32m  OK  [0m] Found device /dev/ttyS0.
[[0;32m  OK  [0m] Listening on Load/Save RF Kill Switch Status /dev/rfkill Watch.
[[0;32m  OK  [0m] Started Monitoring of LVM2 mirrors,...ng dmeventd or progress polling.
[[0;32m  OK  [0m] Reached target Local File Systems (Pre).
[[0;32m  OK  [0m] Reached target Local File Systems.
         Starting Initial cloud-init job (pre-networking)...
         Starting Tell Plymouth To Write Out Runtime Data...
         Starting LSB: AppArmor initialization...
         Starting Create Volatile Files and Directories...
         Starting Set console font and keymap...
         Starting Commit a transient machine-id on disk...
[[0;32m  OK  [0m] Started Tell Plymouth To Write Out Runtime Data.
[[0;32m  OK  [0m] Started Create Volatile Files and Directories.
         Starting Update UTMP about System Boot/Shutdown...
[[0;32m  OK  [0m] Started Update UTMP about System Boot/Shutdown.
[[0;32m  OK  [0m] Started Commit a transient machine-id on disk.
[[0;32m  OK  [0m] Started Set console font and keymap.
[[0;32m  OK  [0m] Created slice system-getty.slice.
[[0;32m  OK  [0m] Started LSB: AppArmor initialization.
         Starting Load AppArmor profiles managed internally by snapd...
[[0;32m  OK  [0m] Started Load AppArmor profiles managed internally by snapd.
[   11.978850] cloud-init[629]: Cloud-init v. 20.4.1-0ubuntu1~16.04.1 running 'init-local' at Thu, 28 Jan 2021 03:47:10 +0000. Up 11.72 seconds.
[[0;32m  OK  [0m] Started Initial cloud-init job (pre-networking).
[[0;32m  OK  [0m] Reached target Network (Pre).
         Starting Raise network interfaces...
[[0;32m  OK  [0m] Started Raise network interfaces.
         Starting Initial cloud-init job (metadata service crawler)...
[[0;32m  OK  [0m] Reached target Network.
[   12.783646] cloud-init[972]: Cloud-init v. 20.4.1-0ubuntu1~16.04.1 running 'init' at Thu, 28 Jan 2021 03:47:11 +0000. Up 12.51 seconds.
[   12.785291] cloud-init[972]: ci-info: ++++++++++++++++++++++++++++++++++++++Net device info+++++++++++++++++++++++++++++++++++++++
[   12.787064] cloud-init[972]: ci-info: +--------+-------+----------------------------+---------------+--------+-------------------+
[   12.788715] cloud-init[972]: ci-info: | Device |   Up  |          Address           |      Mask     | Scope  |     Hw-Address    |
[   12.790474] cloud-init[972]: ci-info: +--------+-------+----------------------------+---------------+--------+-------------------+
[   12.792371] cloud-init[972]: ci-info: | enp0s3 |  True |         10.0.2.15          | 255.255.255.0 | global | 02:95:c5:cf:8a:88 |
[   12.794263] cloud-init[972]: ci-info: | enp0s3 |  True | fe80::95:c5ff:fecf:8a88/64 |       .       |  link  | 02:95:c5:cf:8a:88 |
[   12.795966] cloud-init[972]: ci-info: | enp0s8 | False |             .              |       .       |   .    | 08:00:27:32:cd:7f |
[   12.804452] cloud-init[972]: ci-info: |   lo   |  True |         127.0.0.1          |   255.0.0.0   |  host  |         .         |
[   12.806192] cloud-init[972]: ci-info: |   lo   |  True |          ::1/128           |       .       |  host  |         .         |
[   12.808348] cloud-init[972]: ci-info: +--------+-------+----------------------------+---------------+--------+-------------------+
[   12.810133] cloud-init[972]: ci-info: +++++++++++++++++++++++++++Route IPv4 info++++++++++++++++++++++++++++
[   12.811923] cloud-init[972]: ci-info: +-------+-------------+----------+---------------+-----------+-------+
[   12.813914] cloud-init[972]: ci-info: | Route | Destination | Gateway  |    Genmask    | Interface | Flags |
[   12.815927] cloud-init[972]: ci-info: +-------+-------------+----------+---------------+-----------+-------+
[   12.817756] cloud-init[972]: ci-info: |   0   |   0.0.0.0   | 10.0.2.2 |    0.0.0.0    |   enp0s3  |   UG  |
[   12.819408] cloud-init[972]: ci-info: |   1   |   10.0.2.0  | 0.0.0.0  | 255.255.255.0 |   enp0s3  |   U   |
[   12.821261] cloud-init[972]: ci-info: +-------+-------------+----------+---------------+-----------+-------+
[   12.823303] cloud-init[972]: ci-info: +++++++++++++++++++Route IPv6 info+++++++++++++++++++
[   12.825115] cloud-init[972]: ci-info: +-------+-------------+---------+-----------+-------+
[   12.826719] cloud-init[972]: ci-info: | Route | Destination | Gateway | Interface | Flags |
[   12.828128] cloud-init[972]: ci-info: +-------+-------------+---------+-----------+-------+
[   12.829682] cloud-init[972]: ci-info: |   0   |  fe80::/64  |    ::   |   enp0s3  |   U   |
[   12.831187] cloud-init[972]: ci-info: |   3   |   ff00::/8  |    ::   |   enp0s3  |   U   |
[[0;32m  OK  [0m] Started Initial cloud-init job (metadata service crawler).
[   12.833654] cloud-init[972]: ci-info: +-------+-------------+---------+-----------+-------+
[   12.849808] [cloud-init[0;32m  OK  [0m[972]: ] Generating public/private rsa key pair.Reached target System Initialization.

[   12.850039] [cloud-init[0;32m  OK  [0m[972]: ] Your identification has been saved in /etc/ssh/ssh_host_rsa_key.Started Daily apt download activities.

[   12.856942] cloud-init[[972]: [0;32m  OK  [0mYour public key has been saved in /etc/ssh/ssh_host_rsa_key.pub.] 
Listening on UUID daemon activation socket.
         [   12.857155] Starting Socket activation for snappy daemon.cloud-init
[972]: The key fingerprint is:
[[0;32m  OK  [0m] Started Message of the Day.
[[   12.860383] [0;32m  OK  [0mcloud-init] [972]: Started Daily Cleanup of Temporary Directories.SHA256:sMmNCM2pa7PPv1IUXl11oF3VW3f7uvXqprU8+rMVaIQ root@ubuntu-xenial

[   12.872737] cloud-init[972]: The key's randomart image is:
         Starting LXD - unix socket.
[[   12.872944] [0;32m  OK  [0mcloud-init] [972]: Listening on D-Bus System Message Bus Socket.+---[RSA 2048]----+

[   12.875036] [cloud-init[0;32m  OK  [0m[972]: ] |         . ...o.*|Started Daily apt upgrade and clean activities.

[[   12.875213] [0;32m  OK  [0mcloud-init] [972]: Reached target Timers.|   o .. . . .o o=|

[   12.877946] cloud-init[972]: |  . +..o   E... *|
[   12.878803] [cloud-init[0;32m  OK  [0m[972]: ] |   o oo*    . .o |Started ACPI Events Check.

[[   12.878973] [0;32m  OK  [0mcloud-init] [972]: Reached target Paths.|  . ..= S    o ..|

[[   12.888316] [0;32m  OK  [0mcloud-init] [972]: Listening on ACPID Listen Socket.|   .  .     .   o|

[   12.889955] cloud-init[972]: [|  +  .        ..o|[0;32m  OK  [0m
] Reached target Cloud-config availability.
[[   12.890155] [0;32m  OK  [0mcloud-init] [972]: Reached target Network is Online.| . +.        o=+.|

[   12.897886] cloud-init[972]: |  ..ooo.    o*O*.|
[   12.898666] cloud-init[972]: +----[SHA256]-----+
[   12.899522] cloud-init[972]: Generating public/private dsa key pair.
[   12.908729] cloud-init[972]: Your identification has been saved in /etc/ssh/ssh_host_dsa_key.
[   12.910257] cloud-init[972]: Your public key has been saved in /etc/ssh/ssh_host_dsa_key.pub.
[   12.911566] cloud-init[972]: The key fingerprint is:
[   12.912504]          cloud-initStarting iSCSI initiator daemon (iscsid)...[972]: 
SHA256:mb9Dbr3yDXWu+tfWpXErO+bfNYyl9NMlFBUSpEzTbmQ root@ubuntu-xenial
[   12.914682] [cloud-init[0;32m  OK  [0m[972]: ] The key's randomart image is:Listening on Socket activation for snappy daemon.

[[   12.915029] [0;32m  OK  [0mcloud-init] [972]: Listening on LXD - unix socket.+---[DSA 1024]----+

[   12.917942] [cloud-init[0;32m  OK  [0m[972]: ] |           oo+ooo|Reached target Sockets.

[[   12.918103] [0;32m  OK  [0mcloud-init] [972]: Reached target Basic System.|          o oE.. |

[   12.928395] cloud-init[972]: |           o+ .  |
         Starting LSB: MD monitoring daemon...
[   12.928567] cloud-init[972]: |         o   +   |
[   12.930524] cloud-init[972]: |        S   ..o.o|         
Starting Virtualbox guest utils...
[   12.930699] cloud-init[972]: |         .. ..B+=|
[   12.933144] cloud-init[972]: |         o...o OO|
[   12.934809]          cloud-initStarting System Logging Service...[972]: 
|          =..*.oX|
[   12.936664]          cloud-initStarting LSB: Record successful boot for GRUB...[972]: 
|         ..+**O+.|
[   12.939393] cloud-init[972]: +----[SHA256]-----+
         Starting Pollinate to seed the pseudo random number generator...
[   12.939634] cloud-init[972]: Generating public/private ecdsa key pair.
[   12.944574] [cloud-init[0;32m  OK  [0m[972]: ] Your identification has been saved in /etc/ssh/ssh_host_ecdsa_key.Started ACPI event daemon.

[   12.944895] cloud-init[972]: Your public key has been saved in /etc/ssh/ssh_host_ecdsa_key.pub.
[   12.949707] cloud-init[972]: The key fingerprint is:
[   12.951234] cloud-init[972]: SHA256:6/GhipHYpv8hvjau0eTn+hSpbkzjfKlJfPJhktR+JwI root@ubuntu-xenial
[   12.952864] [cloud-init[0;32m  OK  [0m[972]: ] The key's randomart image is:Started Regular background program processing daemon.

[   12.953224] cloud-init[972]: +---[ECDSA 256]---+
         Starting Login Service...
[[0;32m  OK  [0m] Started D-Bus System Message Bus.
[   12.965597] cloud-init[972]: |                 |
[   12.980525] cloud-init[972]: |                 |
[   12.992470] cloud-init[972]: |                 |
[   12.992964] cloud-init[972]: |     . .         |
[   12.994191] cloud-init[972]: |    E + S        |
[   12.995219] cloud-init[972]: |   Oo* . .       |
[   12.995755] cloud-init[972]: |  o=/.X.= o      |
[   12.996833] cloud-init[972]: |   BB#o* * .     |
[   12.997013] cloud-init[972]: |  o*@O*.o .      |
[   12.997519] cloud-init[972]: +----[SHA256]-----+
[   12.998147] cloud-init[972]: Generating public/private ed25519 key pair.
[   12.999245] cloud-init[972]: Your identification has been saved in /etc/ssh/ssh_host_ed25519_key.
[   13.000433] cloud-init[972]: Your public key has been saved in /etc/ssh/ssh_host_ed25519_key.pub.
[   13.001575] cloud-init[972]: The key fingerprint is:
[   13.002069] cloud-init[972]: SHA256:cwIWTVJzcZdYDbO05IamsfgvCuc6cpRMZguofsonBlo root@ubuntu-xenial
[   13.003462] cloud-init[972]: The key's randomart image is:
[   13.003853] cloud-init[972]: +--[ED25519 256]--+
         Starting /etc/rc.local Compatibility...
[   13.004197] cloud-init[972]: |      o++ o..oB+ |
[   13.010690] cloud-init[972]: |       o.o ..*.+.|
         Starting Accounts Service...[   13.012723] cloud-init[972]: |   .  o   . o =  |
[   13.013371] cloud-init[972]: |  . ..+. . = .   |
[   13.013628] cloud-init[972]: | .   * oS +      |
[   13.014212] cloud-init[972]: |o E   =  =       |
[   13.014698] cloud-init[972]: |+.   .. . .      |
[   13.016265] cloud-init[972]: |o+ o. o+  ..     |
[   13.017735] cloud-init[972]: |.o=  o.oo. ..    |
[   13.017961] cloud-init[972]: +----[SHA256]-----+

[[0;32m  OK  [0m] Started FUSE filesystem for LXC.
[[0;32m  OK  [0m] Started Deferred execution scheduler.
         Starting LXD - container startup/shutdown...
         Starting Snap Daemon...
[[0;32m  OK  [0m] Started System Logging Service.
[[0;32m  OK  [0m] Started /etc/rc.local Compatibility.
[[0;32m  OK  [0m] Started iSCSI initiator daemon (iscsid).
[[0;32m  OK  [0m] Started Login Service.
[[0;32m  OK  [0m] Started Unattended Upgrades Shutdown.
         Starting Authenticate and Authorize Users to Run Privileged Tasks...
         Starting Login to default iSCSI targets...
[[0;32m  OK  [0m] Started LSB: MD monitoring daemon.
[[0;32m  OK  [0m] Started LSB: Record successful boot for GRUB.
[[0;32m  OK  [0m] Started Login to default iSCSI targets.
[[0;32m  OK  [0m] Started LXD - container startup/shutdown.
[[0;32m  OK  [0m] Started Authenticate and Authorize Users to Run Privileged Tasks.
[[0;32m  OK  [0m] Started Accounts Service.
[[0;32m  OK  [0m] Reached target Remote File Systems (Pre).
[[0;32m  OK  [0m] Reached target Remote File Systems.
         Starting LSB: Set the CPU Frequency Scaling governor to "ondemand"...
         Starting Permit User Sessions...
         Starting LSB: automatic crash report generation...
         Starting LSB: daemon to balance interrupts for SMP systems...
[[0;32m  OK  [0m] Started Virtualbox guest utils.
[[0;32m  OK  [0m] Started Permit User Sessions.
         Starting Hold until boot process finishes up...
         Starting Terminate Plymouth Boot Screen...
[[0;32m  OK  [0m] Started LSB: Set the CPU Frequency Scaling governor to "ondemand".
[[0;32m  OK  [0m] Started LSB: automatic crash report generation.
[[0;32m  OK  [0m] Started LSB: daemon to balance interrupts for SMP systems.
[[0;32m  OK  [0m] Started Hold until boot process finishes up.
[[0;32m  OK  [0m] Started Terminate Plymouth Boot Screen.
         Starting Set console scheme...
[[0;32m  OK  [0m] Started Serial Getty on ttyS0.
[[0;32m  OK  [0m] Started Getty on tty1.
[[0;32m  OK  [0m] Reached target Login Prompts.
[[0;32m  OK  [0m] Started Set console scheme.
[[0;32m  OK  [0m] Started Snap Daemon.
         Starting Wait until snapd is fully seeded...
[[0;32m  OK  [0m] Started Pollinate to seed the pseudo random number generator.
         Starting OpenBSD Secure Shell server...
[[0;32m  OK  [0m] Started OpenBSD Secure Shell server.
[[0;32m  OK  [0m] Started Wait until snapd is fully seeded.
[[0;32m  OK  [0m] Reached target Multi-User System.
[[0;32m  OK  [0m] Reached target Graphical Interface.
         Starting Update UTMP about System Runlevel Changes...
         Starting Apply the settings specified in cloud-config...
[[0;32m  OK  [0m] Started Update UTMP about System Runlevel Changes.
[   15.677229] cloud-init[1315]: Generating locales (this might take a while)...
[   16.172313] cloud-init[1315]:   en_US.UTF-8... done
[   16.173556] cloud-init[1315]: Generation complete.
[   16.374869] cloud-init[1315]: Cloud-init v. 20.4.1-0ubuntu1~16.04.1 running 'modules:config' at Thu, 28 Jan 2021 03:47:14 +0000. Up 15.59 seconds.
[[0;32m  OK  [0m] Started Apply the settings specified in cloud-config.
         Starting Execute cloud user/final scripts...
ci-info: no authorized SSH keys fingerprints found for user ubuntu.
<14>Jan 28 03:47:15 ec2: 
<14>Jan 28 03:47:15 ec2: #############################################################
<14>Jan 28 03:47:15 ec2: -----BEGIN SSH HOST KEY FINGERPRINTS-----
<14>Jan 28 03:47:15 ec2: 1024 SHA256:mb9Dbr3yDXWu+tfWpXErO+bfNYyl9NMlFBUSpEzTbmQ root@ubuntu-xenial (DSA)
<14>Jan 28 03:47:15 ec2: 256 SHA256:6/GhipHYpv8hvjau0eTn+hSpbkzjfKlJfPJhktR+JwI root@ubuntu-xenial (ECDSA)
<14>Jan 28 03:47:15 ec2: 256 SHA256:cwIWTVJzcZdYDbO05IamsfgvCuc6cpRMZguofsonBlo root@ubuntu-xenial (ED25519)
<14>Jan 28 03:47:15 ec2: 2048 SHA256:sMmNCM2pa7PPv1IUXl11oF3VW3f7uvXqprU8+rMVaIQ root@ubuntu-xenial (RSA)
<14>Jan 28 03:47:15 ec2: -----END SSH HOST KEY FINGERPRINTS-----
<14>Jan 28 03:47:15 ec2: #############################################################
-----BEGIN SSH HOST KEY KEYS-----
ecdsa-sha2-nistp256 AAAAE2VjZHNhLXNoYTItbmlzdHAyNTYAAAAIbmlzdHAyNTYAAABBBP34l0819mhxQ9UvDGlLgHyznPUcQ7sOfz7QsvbNX20zU2tnYRe88eqrsiTBbS5/uAPKD0+kfNu3Hglks6tkJgk= root@ubuntu-xenial
ssh-ed25519 AAAAC3NzaC1lZDI1NTE5AAAAIHWOo/pPTOHbFG9Y+G/IMXN81sVJZ7GdimTSQelUsOf5 root@ubuntu-xenial
ssh-rsa AAAAB3NzaC1yc2EAAAADAQABAAABAQC98HN+l9vDm1CXjwKy0lmQsrrUM1NL5sNzu+INzZD+5rAAMM3ZygP3Lr2bO0clN5YKOL9ZXsFhk3Sf00+qkjaYkTfuQsEryDHc9JdmbMlaGBBvCZojxsAQbXJ5VgYOph+/t/a/sRFPURPLzhdm65tGZ8h9HBpKKIGTi7qFwxCpqBVqZ5UUgfyL+V18wTa16CUt57Kar8KycNrAvS6MZbeJ34+f9GmQO0i5XDGIscCxrEuyuEgEEGdWLN+qXKW+QcoKU8tRkgOxoml8CDw+kw5G/izG2FVwaZ4SphpIuLtNW7pYvq4TrjXaQeojzS8JwJxu99uYcRqT+VxD6wVFUFIt root@ubuntu-xenial
-----END SSH HOST KEY KEYS-----
[   16.750235] cloud-init[1360]: Cloud-init v. 20.4.1-0ubuntu1~16.04.1 running 'modules:final' at Thu, 28 Jan 2021 03:47:15 +0000. Up 16.64 seconds.
[   16.752537] cloud-init[1360]: ci-info: no authorized SSH keys fingerprints found for user ubuntu.
[   16.754189] cloud-init[1360]: Cloud-init v. 20.4.1-0ubuntu1~16.04.1 finished at Thu, 28 Jan 2021 03:47:15 +0000. Datasource DataSourceNoCloud [seed=/dev/sdb][dsmode=net].  Up 16.74 seconds
[[0;32m  OK  [0m] Started Execute cloud user/final scripts.
[[0;32m  OK  [0m] Reached target Cloud-init target.

Ubuntu 16.04.7 LTS ubuntu-xenial ttyS0

ubuntu-xenial login: 